// Jest Snapshot v1, https://goo.gl/fbAQLP

exports[`withVideoHOC should render component 1`] = `
<video
  width="100%"
/>
`;
