// Jest Snapshot v1, https://goo.gl/fbAQLP

exports[`should render component 1`] = `
<button
  className="catalog__button"
  onClick={[Function]}
  type="button"
>
  Test
</button>
`;
