// Jest Snapshot v1, https://goo.gl/fbAQLP

exports[`RatingComponent should render component 1`] = `
<div
  className="rating"
>
  <div
    className="rating__stars"
  >
    <input
      checked={false}
      className="rating__input"
      id="star-1"
      name="rating"
      onChange={[Function]}
      type="radio"
      value="1"
    />
    <label
      className="rating__label"
      htmlFor="star-1"
    />
    <input
      checked={true}
      className="rating__input"
      id="star-2"
      name="rating"
      onChange={[Function]}
      type="radio"
      value="2"
    />
    <label
      className="rating__label"
      htmlFor="star-2"
    />
    <input
      checked={false}
      className="rating__input"
      id="star-3"
      name="rating"
      onChange={[Function]}
      type="radio"
      value="3"
    />
    <label
      className="rating__label"
      htmlFor="star-3"
    />
    <input
      checked={false}
      className="rating__input"
      id="star-4"
      name="rating"
      onChange={[Function]}
      type="radio"
      value="4"
    />
    <label
      className="rating__label"
      htmlFor="star-4"
    />
    <input
      checked={false}
      className="rating__input"
      id="star-5"
      name="rating"
      onChange={[Function]}
      type="radio"
      value="5"
    />
    <label
      className="rating__label"
      htmlFor="star-5"
    />
  </div>
</div>
`;
