// Jest Snapshot v1, https://goo.gl/fbAQLP

exports[`AddReviewPage should render component 1`] = `
<section
  className="movie-card movie-card--full"
  style={
    Object {
      "background": "color1",
    }
  }
>
  <div
    className="movie-card__header"
  >
    <div
      className="movie-card__bg"
    >
      <img
        alt="name 1"
        src="cover1"
      />
    </div>
    <h1
      className="visually-hidden"
    >
      WTW
    </h1>
    <header
      className="page-header"
    >
      <div
        className="logo"
      >
        <a
          className="logo__link"
          href="/"
          onClick={[Function]}
        >
          <span
            className="logo__letter logo__letter--1"
          >
            W
          </span>
          <span
            className="logo__letter logo__letter--2"
          >
            T
          </span>
          <span
            className="logo__letter logo__letter--3"
          >
            W
          </span>
        </a>
      </div>
      <nav
        className="breadcrumbs"
      >
        <ul
          className="breadcrumbs__list"
        >
          <li
            className="breadcrumbs__item"
          >
            <a
              aria-current={null}
              className="breadcrumbs__link"
              href="/films/1"
              onClick={[Function]}
            >
              name 1
            </a>
          </li>
          <li
            className="breadcrumbs__item"
          >
            <a
              className="breadcrumbs__link"
            >
              Add review
            </a>
          </li>
        </ul>
      </nav>
      <div
        className="user-block"
      >
        <div
          className="user-block__avatar"
        >
          <img
            alt="User avatar"
            height="63"
            src="test-avatar"
            width="63"
          />
        </div>
      </div>
    </header>
    <div
      className="movie-card__poster movie-card__poster--small"
    >
      <img
        alt="The Grand Budapest Hotel poster"
        height="327"
        src="poster1"
        width="218"
      />
    </div>
  </div>
  <div
    className="add-review"
  >
    <form
      action="#"
      className="add-review__form"
      onSubmit={[Function]}
    >
      <div
        className="rating"
      >
        <div
          className="rating__stars"
        >
          <input
            checked={false}
            className="rating__input"
            id="star-1"
            name="rating"
            onChange={[Function]}
            type="radio"
            value="1"
          />
          <label
            className="rating__label"
            htmlFor="star-1"
          />
          <input
            checked={false}
            className="rating__input"
            id="star-2"
            name="rating"
            onChange={[Function]}
            type="radio"
            value="2"
          />
          <label
            className="rating__label"
            htmlFor="star-2"
          />
          <input
            checked={true}
            className="rating__input"
            id="star-3"
            name="rating"
            onChange={[Function]}
            type="radio"
            value="3"
          />
          <label
            className="rating__label"
            htmlFor="star-3"
          />
          <input
            checked={false}
            className="rating__input"
            id="star-4"
            name="rating"
            onChange={[Function]}
            type="radio"
            value="4"
          />
          <label
            className="rating__label"
            htmlFor="star-4"
          />
          <input
            checked={false}
            className="rating__input"
            id="star-5"
            name="rating"
            onChange={[Function]}
            type="radio"
            value="5"
          />
          <label
            className="rating__label"
            htmlFor="star-5"
          />
        </div>
      </div>
      <div
        className="add-review__text"
        style={
          Object {
            "background": "rgba(20, 20, 20, 1)",
          }
        }
      >
        <textarea
          className="add-review__textarea"
          id="review-text"
          name="review-text"
          onChange={[Function]}
          placeholder="Review text"
        />
        <div
          className="add-review__submit"
        >
          <button
            className="add-review__btn"
            disabled={true}
            style={
              Object {
                "color": "rgba(255, 255, 255, 1)",
              }
            }
            type="submit"
          >
            Post
          </button>
        </div>
      </div>
    </form>
  </div>
</section>
`;
