// Jest Snapshot v1, https://goo.gl/fbAQLP

exports[`NotificationListComponent should render component 1`] = `
<ul
  className="notification-list"
>
  <li
    className="notification-list__item notification-list__item--error"
  >
    <button
      className="notification-list__button"
      onClick={[Function]}
    >
      Close notification
    </button>
    <h3
      className="notification-list__title"
    >
      title 1
    </h3>
    <p
      className="notification-list__text"
    >
      text 1 (500)
    </p>
  </li>
  <li
    className="notification-list__item notification-list__item--error"
  >
    <button
      className="notification-list__button"
      onClick={[Function]}
    >
      Close notification
    </button>
    <h3
      className="notification-list__title"
    >
      title 2
    </h3>
    <p
      className="notification-list__text"
    >
      text 2 (500)
    </p>
  </li>
  <li
    className="notification-list__item notification-list__item--error"
  >
    <button
      className="notification-list__button"
      onClick={[Function]}
    >
      Close notification
    </button>
    <h3
      className="notification-list__title"
    >
      title 3
    </h3>
    <p
      className="notification-list__text"
    >
      text 3 (500)
    </p>
  </li>
  <li
    className="notification-list__item notification-list__item--error"
  >
    <button
      className="notification-list__button"
      onClick={[Function]}
    >
      Close notification
    </button>
    <h3
      className="notification-list__title"
    >
      title 4
    </h3>
    <p
      className="notification-list__text"
    >
      text 4 (500)
    </p>
  </li>
  <li
    className="notification-list__item notification-list__item--error"
  >
    <button
      className="notification-list__button"
      onClick={[Function]}
    >
      Close notification
    </button>
    <h3
      className="notification-list__title"
    >
      title 5
    </h3>
    <p
      className="notification-list__text"
    >
      text 5 (500)
    </p>
  </li>
</ul>
`;
