// Jest Snapshot v1, https://goo.gl/fbAQLP

exports[`withVideoPlayerHOC should render component 1`] = `
<div>
  <video
    className="player__video"
  />
</div>
`;
